Microchip MPLAB XC8 Compiler V1.36 ()

Linker command line:

-W-3 --edf=/opt/microchip/xc8/v1.36/dat/en_msgs.txt -cs \
  -h+dist/HT_PIC16F54/production/pic16_fw.production.sym \
  --cmf=dist/HT_PIC16F54/production/pic16_fw.production.cmf -z -Q16F1503 \
  -o/tmp/xcXfdlKlZ -Mdist/HT_PIC16F54/production/pic16_fw.production.map \
  -E1 -ver=XC8 -ASTACK=02042h-0206fh -pstack=STACK -ACODE=00h-07FFh \
  -ASTRCODE=00h-07FFh -ASTRING=00h-0FFhx8 -ACONST=00h-0FFhx8 \
  -AENTRY=00h-0FFhx8 -ACOMMON=070h-07Fh -ABANK0=020h-06Fh -ABANK1=0A0h-0BFh \
  -ABIGRAM=02000h-0206Fh -ARAM=020h-06Fh,0A0h-0BFh \
  -AABS1=020h-07Fh,0A0h-0BFh -ASFR0=00h-01Fh -ASFR1=080h-09Fh \
  -ASFR2=0100h-016Fh -ASFR3=0180h-01EFh -ASFR4=0200h-026Fh \
  -ASFR5=0280h-02EFh -ASFR6=0300h-036Fh -ASFR7=0380h-03EFh \
  -ASFR8=0400h-046Fh -ASFR9=0480h-04EFh -ASFR10=0500h-056Fh \
  -ASFR11=0580h-05EFh -ASFR12=0600h-066Fh -ASFR13=0680h-06EFh \
  -ASFR14=0700h-076Fh -ASFR15=0780h-07EFh -ASFR16=0800h-086Fh \
  -ASFR17=0880h-08EFh -ASFR18=0900h-096Fh -ASFR19=0980h-09EFh \
  -ASFR20=0A00h-0A6Fh -ASFR21=0A80h-0AEFh -ASFR22=0B00h-0B6Fh \
  -ASFR23=0B80h-0BEFh -ASFR24=0C00h-0C6Fh -ASFR25=0C80h-0CEFh \
  -ASFR26=0D00h-0D6Fh -ASFR27=0D80h-0DEFh -ASFR28=0E00h-0E6Fh \
  -ASFR29=0E80h-0EEFh -ASFR30=0F00h-0F6Fh -ASFR31=0F80h-0FEFh \
  -preset_vec=00h,intentry,init,end_init -ppowerup=CODE -pcinit=CODE \
  -pfunctab=CODE -ACONFIG=08007h-08008h -pconfig=CONFIG -DCONFIG=2 \
  -AIDLOC=08000h-08003h -pidloc=IDLOC -DIDLOC=2 -DCODE=2 -DSTRCODE=2 \
  -DSTRING=2 -DCONST=2 -DENTRY=2 -k /tmp/xcX43pntC.obj \
  dist/HT_PIC16F54/production/pic16_fw.production.obj 

Object code version is 3.11

Machine type is 16F1503



                Name                               Link     Load   Length Selector   Space Scale
/tmp/xcX43pntC.obj
                end_init                              1        1        1        0       0
                reset_vec                             0        0        1        0       0
                config                             8007     8007        2    1000E       0
dist/HT_PIC16F54/production/pic16_fw.production.obj
                cinit                               7F8      7F8        8      FF0       0
                text29                              2FE      2FE        9      5FC       0
                text28                              2B4      2B4        4      568       0
                text27                              34A      34A       15      694       0
                text26                              2D6      2D6        8      5AC       0
                text25                              2DE      2DE        8      5BC       0
                text24                              2B1      2B1        3      562       0
                text23                              2E6      2E6        8      5CC       0
                text22                              2C8      2C8        7      590       0
                text21                              316      316       11      62C       0
                text20                              327      327       11      64E       0
                text19                              3D1      3D1       1B      7A2       0
                text18                              6CE      6CE      12A      D9C       0
                text17                              3B8      3B8       19      770       0
                text16                              2CF      2CF        7      59E       0
                text15                              35F      35F       16      6BE       0
                text14                              2EE      2EE        8      5DC       0
                text13                              2B8      2B8        5      570       0
                text12                              375      375       16      6EA       0
                text11                              38B      38B       16      716       0
                text10                              2BD      2BD        5      57A       0
                text9                               2F6      2F6        8      5EC       0
                text8                               3A1      3A1       17      742       0
                text7                               307      307        F      60E       0
                text6                               48A      48A       64      914       0
                text5                               574      574       A7      AE8       0
                text4                               61B      61B       B3      C36       0
                text3                               4EE      4EE       86      9DC       0
                text2                               338      338       12      670       0
                text1                               3EC      3EC       42      7D8       0
                maintext                            42E      42E       5C      85C       0
                cstackBANK0                          20       20       29       20       1
                cstackCOMMON                         70       70        E       70       1
                clrtext                             2C2      2C2        6      584       0
                bssBANK0                             49       49       19       20       1

TOTAL           Name                               Link     Load   Length     Space
        CLASS   STACK          

        CLASS   CODE           
                end_init                              1        1        1         0
                cinit                               7F8      7F8        8         0
                reset_vec                             0        0        1         0
                text29                              2FE      2FE        9         0
                text28                              2B4      2B4        4         0
                text27                              34A      34A       15         0
                text26                              2D6      2D6        8         0
                text25                              2DE      2DE        8         0
                text24                              2B1      2B1        3         0
                text23                              2E6      2E6        8         0
                text22                              2C8      2C8        7         0
                text21                              316      316       11         0
                text20                              327      327       11         0
                text19                              3D1      3D1       1B         0
                text18                              6CE      6CE      12A         0
                text17                              3B8      3B8       19         0
                text16                              2CF      2CF        7         0
                text15                              35F      35F       16         0
                text14                              2EE      2EE        8         0
                text13                              2B8      2B8        5         0
                text12                              375      375       16         0
                text11                              38B      38B       16         0
                text10                              2BD      2BD        5         0
                text9                               2F6      2F6        8         0
                text8                               3A1      3A1       17         0
                text7                               307      307        F         0
                text6                               48A      48A       64         0
                text5                               574      574       A7         0
                text4                               61B      61B       B3         0
                text3                               4EE      4EE       86         0
                text2                               338      338       12         0
                text1                               3EC      3EC       42         0
                maintext                            42E      42E       5C         0
                clrtext                             2C2      2C2        6         0

        CLASS   STRCODE        

        CLASS   STRING         

        CLASS   CONST          

        CLASS   ENTRY          

        CLASS   COMMON         
                cstackCOMMON                         70       70        E         1

        CLASS   BANK0          
                cstackBANK0                          20       20       29         1
                bssBANK0                             49       49       19         1

        CLASS   BANK1          

        CLASS   BIGRAM         

        CLASS   RAM            

        CLASS   ABS1           
                abs_s1                               7E       7E        2         1

        CLASS   SFR0           

        CLASS   SFR1           

        CLASS   SFR2           

        CLASS   SFR3           

        CLASS   SFR4           

        CLASS   SFR5           

        CLASS   SFR6           

        CLASS   SFR7           

        CLASS   SFR8           

        CLASS   SFR9           

        CLASS   SFR10          

        CLASS   SFR11          

        CLASS   SFR12          

        CLASS   SFR13          

        CLASS   SFR14          

        CLASS   SFR15          

        CLASS   SFR16          

        CLASS   SFR17          

        CLASS   SFR18          

        CLASS   SFR19          

        CLASS   SFR20          

        CLASS   SFR21          

        CLASS   SFR22          

        CLASS   SFR23          

        CLASS   SFR24          

        CLASS   SFR25          

        CLASS   SFR26          

        CLASS   SFR27          

        CLASS   SFR28          

        CLASS   SFR29          

        CLASS   SFR30          

        CLASS   SFR31          

        CLASS   CONFIG         
                config                             8007     8007        2         0

        CLASS   IDLOC          

        CLASS   BANK31         

        CLASS   BANK30         

        CLASS   BANK29         

        CLASS   BANK28         

        CLASS   BANK27         

        CLASS   BANK26         

        CLASS   BANK25         

        CLASS   BANK24         

        CLASS   BANK23         

        CLASS   BANK22         

        CLASS   BANK21         

        CLASS   BANK20         

        CLASS   BANK19         

        CLASS   BANK18         

        CLASS   BANK17         

        CLASS   BANK16         

        CLASS   BANK15         

        CLASS   BANK14         

        CLASS   BANK13         

        CLASS   BANK12         

        CLASS   BANK11         

        CLASS   BANK10         

        CLASS   BANK9          

        CLASS   BANK8          

        CLASS   BANK7          

        CLASS   BANK6          

        CLASS   BANK5          

        CLASS   BANK4          

        CLASS   BANK3          

        CLASS   BANK2          

        CLASS   EEDATA         



SEGMENTS        Name                           Load    Length   Top    Selector   Space  Class     Delta

                reset_vec                      000000  000002  000002         0       0  CODE        2
                cstackBANK0                    000020  000042  000062        20       1  BANK0       1
                cstackCOMMON                   000070  00000E  00007E        70       1  COMMON      1
                text24                         0002B1  000003  0002B4       562       0  CODE        2
                text28                         0002B4  000004  0002B8       568       0  CODE        2
                text13                         0002B8  000005  0002BD       570       0  CODE        2
                text10                         0002BD  000005  0002C2       57A       0  CODE        2
                clrtext                        0002C2  000006  0002C8       584       0  CODE        2
                text22                         0002C8  000007  0002CF       590       0  CODE        2
                text16                         0002CF  000007  0002D6       59E       0  CODE        2
                text26                         0002D6  000008  0002DE       5AC       0  CODE        2
                text25                         0002DE  000008  0002E6       5BC       0  CODE        2
                text23                         0002E6  000008  0002EE       5CC       0  CODE        2
                text14                         0002EE  000008  0002F6       5DC       0  CODE        2
                text9                          0002F6  000008  0002FE       5EC       0  CODE        2
                text29                         0002FE  000009  000307       5FC       0  CODE        2
                text7                          000307  00000F  000316       60E       0  CODE        2
                text21                         000316  000011  000327       62C       0  CODE        2
                text20                         000327  000011  000338       64E       0  CODE        2
                text2                          000338  000012  00034A       670       0  CODE        2
                text27                         00034A  000015  00035F       694       0  CODE        2
                text15                         00035F  000016  000375       6BE       0  CODE        2
                text12                         000375  000016  00038B       6EA       0  CODE        2
                text11                         00038B  000016  0003A1       716       0  CODE        2
                text8                          0003A1  000017  0003B8       742       0  CODE        2
                text17                         0003B8  000019  0003D1       770       0  CODE        2
                text19                         0003D1  00001B  0003EC       7A2       0  CODE        2
                text1                          0003EC  000042  00042E       7D8       0  CODE        2
                maintext                       00042E  00005C  00048A       85C       0  CODE        2
                text6                          00048A  000064  0004EE       914       0  CODE        2
                text3                          0004EE  000086  000574       9DC       0  CODE        2
                text5                          000574  0000A7  00061B       AE8       0  CODE        2
                text4                          00061B  0000B3  0006CE       C36       0  CODE        2
                text18                         0006CE  00012A  0007F8       D9C       0  CODE        2
                cinit                          0007F8  000008  000800       FF0       0  CODE        2
                config                         008007  000002  008009     1000E       0  CONFIG      2


UNUSED ADDRESS RANGES

        Name                Unused          Largest block    Delta
        BANK0            00062-0006F               E           1
        BANK1            000A0-000BF              20           1
        BIGRAM           02000-0206F              70           1
        CODE             00002-002B0             2AF           2
        CONST            00002-002B0             100           2
        ENTRY            00002-002B0             100           2
        IDLOC            08000-08003               4           2
        RAM              00062-0006F               E           1
                         000A0-000BF              20
        SFR0             00000-0001F              20           1
        SFR1             00080-0009F              20           1
        SFR10            00500-0056F              70           1
        SFR11            00580-005EF              70           1
        SFR12            00600-0066F              70           1
        SFR13            00680-006EF              70           1
        SFR14            00700-0076F              70           1
        SFR15            00780-007EF              70           1
        SFR16            00800-0086F              70           1
        SFR17            00880-008EF              70           1
        SFR18            00900-0096F              70           1
        SFR19            00980-009EF              70           1
        SFR2             00100-0016F              70           1
        SFR20            00A00-00A6F              70           1
        SFR21            00A80-00AEF              70           1
        SFR22            00B00-00B6F              70           1
        SFR23            00B80-00BEF              70           1
        SFR24            00C00-00C6F              70           1
        SFR25            00C80-00CEF              70           1
        SFR26            00D00-00D6F              70           1
        SFR27            00D80-00DEF              70           1
        SFR28            00E00-00E6F              70           1
        SFR29            00E80-00EEF              70           1
        SFR3             00180-001EF              70           1
        SFR30            00F00-00F6F              70           1
        SFR31            00F80-00FEF              70           1
        SFR4             00200-0026F              70           1
        SFR5             00280-002EF              70           1
        SFR6             00300-0036F              70           1
        SFR7             00380-003EF              70           1
        SFR8             00400-0046F              70           1
        SFR9             00480-004EF              70           1
        STACK            02042-0206F              2E           1
        STRCODE          00002-002B0             2AF           2
        STRING           00002-002B0             100           2

                                  Symbol Table

?_ADC_GetConversion                  cstackCOMMON 00070
?___ftdiv                            cstackCOMMON 00078
?___ftmul                            cstackBANK0  00020
?___ftpack                           cstackCOMMON 00070
?___fttol                            cstackCOMMON 00070
?___lwtoft                           cstackCOMMON 00078
?___wmul                             cstackCOMMON 00070
?_lidar_depth_detect                 cstackCOMMON 00076
?_lidar_read                         cstackCOMMON 00074
?_usound_read                        cstackBANK0  00030
?_usound_trigger                     cstackCOMMON 00070
ADC_GetConversion@channel            cstackCOMMON 00073
PWM1_LoadDutyValue@dutyValue         cstackCOMMON 00070
PWM3_LoadDutyValue@dutyValue         cstackCOMMON 00070
_ADCON0                              (abs)        0009D
_ADCON0bits                          (abs)        0009D
_ADCON1                              (abs)        0009E
_ADCON2                              (abs)        0009F
_ADC_GetConversion                   text17       003B8
_ADC_Initialize                      text29       002FE
_ADRESH                              (abs)        0009C
_ADRESL                              (abs)        0009B
_ANSELA                              (abs)        0018C
_ANSELC                              (abs)        0018E
_APFCON                              (abs)        0011D
_INTCONbits                          (abs)        0000B
_LATA                                (abs)        0010C
_LATC                                (abs)        0010E
_OPTION_REGbits                      (abs)        00095
_OSCCON                              (abs)        00099
_OSCILLATOR_Initialize               text28       002B4
_PIN_MANAGER_Initialize              text27       0034A
_PIR1bits                            (abs)        00011
_PR2                                 (abs)        0001B
_PWM1CON                             (abs)        00613
_PWM1CONbits                         (abs)        00613
_PWM1DCH                             (abs)        00612
_PWM1DCL                             (abs)        00611
_PWM1_Initialize                     text26       002D6
_PWM1_LoadDutyValue                  text15       0035F
_PWM3CON                             (abs)        00619
_PWM3CONbits                         (abs)        00619
_PWM3DCH                             (abs)        00618
_PWM3DCL                             (abs)        00617
_PWM3_Initialize                     text25       002DE
_PWM3_LoadDutyValue                  text11       0038B
_RC0                                 (abs)        00070
_SYSTEM_Initialize                   text22       002C8
_T2CON                               (abs)        0001C
_T2CONbits                           (abs)        0001C
_TMR2                                (abs)        0001A
_TMR2_Initialize                     text23       002E6
_TMR2_StartTimer                     text24       002B1
_TRISA                               (abs)        0008C
_TRISC                               (abs)        0008E
_TRISC0                              (abs)        00470
_WPUA                                (abs)        0020C
__CFG_BOREN$ON                       (abs)        00000
__CFG_BORV$LO                        (abs)        00000
__CFG_CLKOUTEN$OFF                   (abs)        00000
__CFG_CP$OFF                         (abs)        00000
__CFG_FOSC$INTOSC                    (abs)        00000
__CFG_LPBOR$OFF                      (abs)        00000
__CFG_LVP$OFF                        (abs)        00000
__CFG_MCLRE$ON                       (abs)        00000
__CFG_PWRTE$OFF                      (abs)        00000
__CFG_STVREN$ON                      (abs)        00000
__CFG_WDTE$OFF                       (abs)        00000
__CFG_WRT$OFF                        (abs)        00000
__Habs1                              abs1         00000
__Hbank0                             bank0        00000
__Hbank1                             bank1        00000
__Hbank10                            bank10       00000
__Hbank11                            bank11       00000
__Hbank12                            bank12       00000
__Hbank13                            bank13       00000
__Hbank14                            bank14       00000
__Hbank15                            bank15       00000
__Hbank16                            bank16       00000
__Hbank17                            bank17       00000
__Hbank18                            bank18       00000
__Hbank19                            bank19       00000
__Hbank2                             bank2        00000
__Hbank20                            bank20       00000
__Hbank21                            bank21       00000
__Hbank22                            bank22       00000
__Hbank23                            bank23       00000
__Hbank24                            bank24       00000
__Hbank25                            bank25       00000
__Hbank26                            bank26       00000
__Hbank27                            bank27       00000
__Hbank28                            bank28       00000
__Hbank29                            bank29       00000
__Hbank3                             bank3        00000
__Hbank30                            bank30       00000
__Hbank31                            bank31       00000
__Hbank4                             bank4        00000
__Hbank5                             bank5        00000
__Hbank6                             bank6        00000
__Hbank7                             bank7        00000
__Hbank8                             bank8        00000
__Hbank9                             bank9        00000
__Hbigram                            bigram       00000
__HbssBANK0                          bssBANK0     00000
__Hcinit                             cinit        00800
__Hclrtext                           clrtext      00000
__Hcode                              code         00000
__Hcommon                            common       00000
__Hconfig                            config       08009
__HcstackBANK0                       cstackBANK0  00000
__HcstackCOMMON                      cstackCOMMON 00000
__Heeprom_data                       eeprom_data  00000
__Hend_init                          end_init     00002
__Hfunctab                           functab      00000
__Hidloc                             idloc        00000
__Hinit                              init         00001
__Hintentry                          intentry     00001
__Hmaintext                          maintext     00000
__Hpowerup                           powerup      00000
__Hram                               ram          00000
__Hreset_vec                         reset_vec    00001
__Hsfr0                              sfr0         00000
__Hsfr1                              sfr1         00000
__Hsfr10                             sfr10        00000
__Hsfr11                             sfr11        00000
__Hsfr12                             sfr12        00000
__Hsfr13                             sfr13        00000
__Hsfr14                             sfr14        00000
__Hsfr15                             sfr15        00000
__Hsfr16                             sfr16        00000
__Hsfr17                             sfr17        00000
__Hsfr18                             sfr18        00000
__Hsfr19                             sfr19        00000
__Hsfr2                              sfr2         00000
__Hsfr20                             sfr20        00000
__Hsfr21                             sfr21        00000
__Hsfr22                             sfr22        00000
__Hsfr23                             sfr23        00000
__Hsfr24                             sfr24        00000
__Hsfr25                             sfr25        00000
__Hsfr26                             sfr26        00000
__Hsfr27                             sfr27        00000
__Hsfr28                             sfr28        00000
__Hsfr29                             sfr29        00000
__Hsfr3                              sfr3         00000
__Hsfr30                             sfr30        00000
__Hsfr31                             sfr31        00000
__Hsfr4                              sfr4         00000
__Hsfr5                              sfr5         00000
__Hsfr6                              sfr6         00000
__Hsfr7                              sfr7         00000
__Hsfr8                              sfr8         00000
__Hsfr9                              sfr9         00000
__Hspace_0                           (abs)        08009
__Hspace_1                           (abs)        0007E
__Hspace_2                           (abs)        00000
__Hspace_3                           (abs)        00000
__Hstack                             stack        00000
__Hstrings                           strings      00000
__Htext                              text         00000
__Labs1                              abs1         00000
__Lbank0                             bank0        00000
__Lbank1                             bank1        00000
__Lbank10                            bank10       00000
__Lbank11                            bank11       00000
__Lbank12                            bank12       00000
__Lbank13                            bank13       00000
__Lbank14                            bank14       00000
__Lbank15                            bank15       00000
__Lbank16                            bank16       00000
__Lbank17                            bank17       00000
__Lbank18                            bank18       00000
__Lbank19                            bank19       00000
__Lbank2                             bank2        00000
__Lbank20                            bank20       00000
__Lbank21                            bank21       00000
__Lbank22                            bank22       00000
__Lbank23                            bank23       00000
__Lbank24                            bank24       00000
__Lbank25                            bank25       00000
__Lbank26                            bank26       00000
__Lbank27                            bank27       00000
__Lbank28                            bank28       00000
__Lbank29                            bank29       00000
__Lbank3                             bank3        00000
__Lbank30                            bank30       00000
__Lbank31                            bank31       00000
__Lbank4                             bank4        00000
__Lbank5                             bank5        00000
__Lbank6                             bank6        00000
__Lbank7                             bank7        00000
__Lbank8                             bank8        00000
__Lbank9                             bank9        00000
__Lbigram                            bigram       00000
__LbssBANK0                          bssBANK0     00000
__Lcinit                             cinit        007F8
__Lclrtext                           clrtext      00000
__Lcode                              code         00000
__Lcommon                            common       00000
__Lconfig                            config       08007
__LcstackBANK0                       cstackBANK0  00000
__LcstackCOMMON                      cstackCOMMON 00000
__Leeprom_data                       eeprom_data  00000
__Lend_init                          end_init     00001
__Lfunctab                           functab      00000
__Lidloc                             idloc        00000
__Linit                              init         00001
__Lintentry                          intentry     00001
__Lmaintext                          maintext     00000
__Lpowerup                           powerup      00000
__Lram                               ram          00000
__Lreset_vec                         reset_vec    00000
__Lsfr0                              sfr0         00000
__Lsfr1                              sfr1         00000
__Lsfr10                             sfr10        00000
__Lsfr11                             sfr11        00000
__Lsfr12                             sfr12        00000
__Lsfr13                             sfr13        00000
__Lsfr14                             sfr14        00000
__Lsfr15                             sfr15        00000
__Lsfr16                             sfr16        00000
__Lsfr17                             sfr17        00000
__Lsfr18                             sfr18        00000
__Lsfr19                             sfr19        00000
__Lsfr2                              sfr2         00000
__Lsfr20                             sfr20        00000
__Lsfr21                             sfr21        00000
__Lsfr22                             sfr22        00000
__Lsfr23                             sfr23        00000
__Lsfr24                             sfr24        00000
__Lsfr25                             sfr25        00000
__Lsfr26                             sfr26        00000
__Lsfr27                             sfr27        00000
__Lsfr28                             sfr28        00000
__Lsfr29                             sfr29        00000
__Lsfr3                              sfr3         00000
__Lsfr30                             sfr30        00000
__Lsfr31                             sfr31        00000
__Lsfr4                              sfr4         00000
__Lsfr5                              sfr5         00000
__Lsfr6                              sfr6         00000
__Lsfr7                              sfr7         00000
__Lsfr8                              sfr8         00000
__Lsfr9                              sfr9         00000
__Lspace_0                           (abs)        00000
__Lspace_1                           (abs)        00000
__Lspace_2                           (abs)        00000
__Lspace_3                           (abs)        00000
__Lstack                             stack        00000
__Lstrings                           strings      00000
__Ltext                              text         00000
__S0                                 (abs)        08009
__S1                                 (abs)        0007E
__S2                                 (abs)        00000
___bmul                              text20       00327
___bmul@multiplicand                 cstackCOMMON 00070
___bmul@multiplier                   cstackCOMMON 00073
___bmul@product                      cstackCOMMON 00072
___ftdiv                             text5        00574
___ftdiv@cntr                        cstackBANK0  00024
___ftdiv@exp                         cstackBANK0  00028
___ftdiv@f1                          cstackCOMMON 0007B
___ftdiv@f2                          cstackCOMMON 00078
___ftdiv@f3                          cstackBANK0  00025
___ftdiv@sign                        cstackBANK0  00029
___ftmul                             text4        0061B
___ftmul@cntr                        cstackBANK0  0002E
___ftmul@exp                         cstackBANK0  0002A
___ftmul@f1                          cstackBANK0  00020
___ftmul@f2                          cstackBANK0  00023
___ftmul@f3_as_product               cstackBANK0  0002B
___ftmul@sign                        cstackBANK0  0002F
___ftpack                            text6        0048A
___ftpack@arg                        cstackCOMMON 00070
___ftpack@exp                        cstackCOMMON 00073
___ftpack@sign                       cstackCOMMON 00074
___fttol                             text3        004EE
___fttol@exp1                        cstackCOMMON 0007D
___fttol@f1                          cstackCOMMON 00070
___fttol@lval                        cstackCOMMON 00079
___fttol@sign1                       cstackCOMMON 00078
___int_sp                            stack        00000
___latbits                           (abs)        00000
___lwtoft                            text2        00338
___lwtoft@c                          cstackCOMMON 00078
___sp                                stack        00000
___wmul                              text19       003D1
___wmul@multiplicand                 cstackCOMMON 00072
___wmul@multiplier                   cstackCOMMON 00070
___wmul@product                      cstackCOMMON 00074
__end_of_ADC_GetConversion           text17       003D1
__end_of_ADC_Initialize              text29       00307
__end_of_OSCILLATOR_Initialize       text28       002B8
__end_of_PIN_MANAGER_Initialize      text27       0035F
__end_of_PWM1_Initialize             text26       002DE
__end_of_PWM1_LoadDutyValue          text15       00375
__end_of_PWM3_Initialize             text25       002E6
__end_of_PWM3_LoadDutyValue          text11       003A1
__end_of_SYSTEM_Initialize           text22       002CF
__end_of_TMR2_Initialize             text23       002EE
__end_of_TMR2_StartTimer             text24       002B4
__end_of___bmul                      text20       00338
__end_of___ftdiv                     text5        0061B
__end_of___ftmul                     text4        006CE
__end_of___ftpack                    text6        004EE
__end_of___fttol                     text3        00574
__end_of___lwtoft                    text2        0034A
__end_of___wmul                      text19       003EC
__end_of__initialization             cinit        007FE
__end_of_lidar_depth_detect          text21       00327
__end_of_lidar_edge_detect           text18       007F8
__end_of_lidar_read                  text16       002D6
__end_of_main                        maintext     0048A
__end_of_pwm1_output_disable         text13       002BD
__end_of_pwm1_output_enable          text14       002F6
__end_of_pwm1_strong_pulse_100       text12       0038B
__end_of_pwm3_output_disable         text10       002C2
__end_of_pwm3_output_enable          text9        002FE
__end_of_usound_feedback             text7        00316
__end_of_usound_read                 text1        0042E
__end_of_usound_trigger              text8        003B8
__initialization                     cinit        007F8
__pbssBANK0                          bssBANK0     00049
__pcstackBANK0                       cstackBANK0  00020
__pcstackCOMMON                      cstackCOMMON 00070
__pmaintext                          maintext     0042E
__ptext1                             text1        003EC
__ptext10                            text10       002BD
__ptext11                            text11       0038B
__ptext12                            text12       00375
__ptext13                            text13       002B8
__ptext14                            text14       002EE
__ptext15                            text15       0035F
__ptext16                            text16       002CF
__ptext17                            text17       003B8
__ptext18                            text18       006CE
__ptext19                            text19       003D1
__ptext2                             text2        00338
__ptext20                            text20       00327
__ptext21                            text21       00316
__ptext22                            text22       002C8
__ptext23                            text23       002E6
__ptext24                            text24       002B1
__ptext25                            text25       002DE
__ptext26                            text26       002D6
__ptext27                            text27       0034A
__ptext28                            text28       002B4
__ptext29                            text29       002FE
__ptext3                             text3        004EE
__ptext4                             text4        0061B
__ptext5                             text5        00574
__ptext6                             text6        0048A
__ptext7                             text7        00307
__ptext8                             text8        003A1
__ptext9                             text9        002F6
__size_of_ADC_GetConversion          (abs)        00000
__size_of_ADC_Initialize             (abs)        00000
__size_of_OSCILLATOR_Initialize      (abs)        00000
__size_of_PIN_MANAGER_Initialize     (abs)        00000
__size_of_PWM1_Initialize            (abs)        00000
__size_of_PWM1_LoadDutyValue         (abs)        00000
__size_of_PWM3_Initialize            (abs)        00000
__size_of_PWM3_LoadDutyValue         (abs)        00000
__size_of_SYSTEM_Initialize          (abs)        00000
__size_of_TMR2_Initialize            (abs)        00000
__size_of_TMR2_StartTimer            (abs)        00000
__size_of___bmul                     (abs)        00000
__size_of___ftdiv                    (abs)        00000
__size_of___ftmul                    (abs)        00000
__size_of___ftpack                   (abs)        00000
__size_of___fttol                    (abs)        00000
__size_of___lwtoft                   (abs)        00000
__size_of___wmul                     (abs)        00000
__size_of_lidar_depth_detect         (abs)        00000
__size_of_lidar_edge_detect          (abs)        00000
__size_of_lidar_read                 (abs)        00000
__size_of_main                       (abs)        00000
__size_of_pwm1_output_disable        (abs)        00000
__size_of_pwm1_output_enable         (abs)        00000
__size_of_pwm1_strong_pulse_100      (abs)        00000
__size_of_pwm3_output_disable        (abs)        00000
__size_of_pwm3_output_enable         (abs)        00000
__size_of_usound_feedback            (abs)        00000
__size_of_usound_read                (abs)        00000
__size_of_usound_trigger             (abs)        00000
_lidar_depth_detect                  text21       00316
_lidar_edge_detect                   text18       006CE
_lidar_read                          text16       002CF
_main                                maintext     0042E
_pwm1_output_disable                 text13       002B8
_pwm1_output_enable                  text14       002EE
_pwm1_strong_pulse_100               text12       00375
_pwm3_output_disable                 text10       002BD
_pwm3_output_enable                  text9        002F6
_usound_feedback                     text7        00307
_usound_read                         text1        003EC
_usound_trigger                      text8        003A1
btemp                                (abs)        0007E
clear_ram0                           clrtext      002C2
end_of_initialization                cinit        007FE
intlevel0                            functab      00000
intlevel1                            functab      00000
intlevel2                            functab      00000
intlevel3                            functab      00000
intlevel4                            functab      00000
intlevel5                            functab      00000
lidar_depth_detect@measurement       cstackCOMMON 00076
lidar_edge_detect@i                  cstackBANK0  0003E
lidar_edge_detect@idata              bssBANK0     0004A
lidar_edge_detect@lidar_dist         cstackCOMMON 00076
lidar_edge_detect@odata              cstackBANK0  00020
lidar_edge_detect@startup_fill_index bssBANK0     00049
lidar_edge_detect@vtmp               cstackBANK0  00038
ltemp                                (abs)        0007E
ltemp0                               (abs)        0007E
ltemp1                               (abs)        00082
ltemp2                               (abs)        00086
ltemp3                               (abs)        00080
main@is_edge_found                   cstackBANK0  00044
main@is_over_edge                    cstackBANK0  00046
main@lidar_dist                      cstackBANK0  00047
main@usound_dist                     cstackBANK0  00042
reset_vec                            reset_vec    00000
stackhi                              (abs)        0206F
stacklo                              (abs)        02042
start                                init         00001
start_initialization                 cinit        007F8
ttemp                                (abs)        0007E
ttemp0                               (abs)        0007E
ttemp1                               (abs)        00081
ttemp2                               (abs)        00084
ttemp3                               (abs)        00087
ttemp4                               (abs)        0007F
usound_feedback@trigger              cstackCOMMON 00078
usound_read@range                    cstackBANK0  00035
usound_read@sensor_value             cstackBANK0  00038
usound_read@voltage                  cstackBANK0  00032
usound_trigger@measurement           cstackCOMMON 00070
wtemp                                (abs)        0007E
wtemp0                               (abs)        0007E
wtemp1                               (abs)        00080
wtemp2                               (abs)        00082
wtemp3                               (abs)        00084
wtemp4                               (abs)        00086
wtemp5                               (abs)        00088
wtemp6                               (abs)        0007F


FUNCTION INFORMATION:

 *************** function _main *****************
 Defined at:
		line 240 in file "main.c"
 Parameters:    Size  Location     Type
		None
 Auto vars:     Size  Location     Type
  lidar_dist      2   39[BANK0 ] unsigned int 
  is_edge_foun    2   36[BANK0 ] unsigned int 
  usound_dist     2   34[BANK0 ] unsigned int 
  is_over_edge    1   38[BANK0 ] unsigned char 
 Return value:  Size  Location     Type
                  1    wreg      void 
 Registers used:
		wreg, fsr0l, fsr0h, fsr1l, fsr1h, status,2, status,0, pclath, cstack
 Tracked objects:
		On entry : 
		On exit  : 
		Unchanged: 
 Data sizes:     COMMON   BANK0   BANK1
      Params:         0       0       0
      Locals:         0       7       0
      Temps:          0       3       0
      Totals:         0      10       0
Total ram usage:       10 bytes
 Hardware stack levels required when called:    3
 This function calls:
		_SYSTEM_Initialize
		_lidar_depth_detect
		_lidar_edge_detect
		_lidar_read
		_pwm1_output_disable
		_pwm1_output_enable
		_pwm1_strong_pulse_100
		_usound_feedback
		_usound_read
 This function is called by:
		Startup code after reset
 This function uses a non-reentrant model


 *************** function _usound_read *****************
 Defined at:
		line 115 in file "main.c"
 Parameters:    Size  Location     Type
		None
 Auto vars:     Size  Location     Type
  range           3   21[BANK0 ] float 
  voltage         3   18[BANK0 ] float 
  sensor_value    2   24[BANK0 ] unsigned int 
 Return value:  Size  Location     Type
                  2   16[BANK0 ] unsigned int 
 Registers used:
		wreg, status,2, status,0, pclath, cstack
 Tracked objects:
		On entry : 
		On exit  : 
		Unchanged: 
 Data sizes:     COMMON   BANK0   BANK1
      Params:         0       2       0
      Locals:         0       8       0
      Temps:          0       0       0
      Totals:         0      10       0
Total ram usage:       10 bytes
 Hardware stack levels used:    1
 Hardware stack levels required when called:    2
 This function calls:
		_ADC_GetConversion
		___ftdiv
		___ftmul
		___fttol
		___lwtoft
 This function is called by:
		_main
 This function uses a non-reentrant model


 *************** function ___lwtoft *****************
 Defined at:
		line 28 in file "/opt/microchip/xc8/v1.36/sources/common/lwtoft.c"
 Parameters:    Size  Location     Type
  c               2    8[COMMON] unsigned int 
 Auto vars:     Size  Location     Type
		None
 Return value:  Size  Location     Type
                  3    8[COMMON] float 
 Registers used:
		wreg, status,2, status,0, pclath, cstack
 Tracked objects:
		On entry : 
		On exit  : 
		Unchanged: 
 Data sizes:     COMMON   BANK0   BANK1
      Params:         3       0       0
      Locals:         0       0       0
      Temps:          1       0       0
      Totals:         4       0       0
Total ram usage:        4 bytes
 Hardware stack levels used:    1
 Hardware stack levels required when called:    1
 This function calls:
		___ftpack
 This function is called by:
		_usound_read
 This function uses a non-reentrant model


 *************** function ___fttol *****************
 Defined at:
		line 44 in file "/opt/microchip/xc8/v1.36/sources/common/fttol.c"
 Parameters:    Size  Location     Type
  f1              3    0[COMMON] float 
 Auto vars:     Size  Location     Type
  lval            4    9[COMMON] unsigned long 
  exp1            1   13[COMMON] unsigned char 
  sign1           1    8[COMMON] unsigned char 
 Return value:  Size  Location     Type
                  4    0[COMMON] long 
 Registers used:
		wreg, status,2, status,0
 Tracked objects:
		On entry : 
		On exit  : 
		Unchanged: 
 Data sizes:     COMMON   BANK0   BANK1
      Params:         4       0       0
      Locals:         6       0       0
      Temps:          4       0       0
      Totals:        14       0       0
Total ram usage:       14 bytes
 Hardware stack levels used:    1
 This function calls:
		Nothing
 This function is called by:
		_usound_read
 This function uses a non-reentrant model


 *************** function ___ftmul *****************
 Defined at:
		line 62 in file "/opt/microchip/xc8/v1.36/sources/common/ftmul.c"
 Parameters:    Size  Location     Type
  f1              3    0[BANK0 ] float 
  f2              3    3[BANK0 ] float 
 Auto vars:     Size  Location     Type
  f3_as_produc    3   11[BANK0 ] unsigned um
  sign            1   15[BANK0 ] unsigned char 
  cntr            1   14[BANK0 ] unsigned char 
  exp             1   10[BANK0 ] unsigned char 
 Return value:  Size  Location     Type
                  3    0[BANK0 ] float 
 Registers used:
		wreg, status,2, status,0, pclath, cstack
 Tracked objects:
		On entry : 
		On exit  : 
		Unchanged: 
 Data sizes:     COMMON   BANK0   BANK1
      Params:         0       6       0
      Locals:         0       6       0
      Temps:          0       4       0
      Totals:         0      16       0
Total ram usage:       16 bytes
 Hardware stack levels used:    1
 Hardware stack levels required when called:    1
 This function calls:
		___ftpack
 This function is called by:
		_usound_read
 This function uses a non-reentrant model


 *************** function ___ftdiv *****************
 Defined at:
		line 56 in file "/opt/microchip/xc8/v1.36/sources/common/ftdiv.c"
 Parameters:    Size  Location     Type
  f2              3    8[COMMON] float 
  f1              3   11[COMMON] float 
 Auto vars:     Size  Location     Type
  f3              3    5[BANK0 ] float 
  sign            1    9[BANK0 ] unsigned char 
  exp             1    8[BANK0 ] unsigned char 
  cntr            1    4[BANK0 ] unsigned char 
 Return value:  Size  Location     Type
                  3    8[COMMON] float 
 Registers used:
		wreg, status,2, status,0, pclath, cstack
 Tracked objects:
		On entry : 
		On exit  : 
		Unchanged: 
 Data sizes:     COMMON   BANK0   BANK1
      Params:         6       0       0
      Locals:         0       6       0
      Temps:          0       4       0
      Totals:         6      10       0
Total ram usage:       16 bytes
 Hardware stack levels used:    1
 Hardware stack levels required when called:    1
 This function calls:
		___ftpack
 This function is called by:
		_usound_read
 This function uses a non-reentrant model


 *************** function ___ftpack *****************
 Defined at:
		line 62 in file "/opt/microchip/xc8/v1.36/sources/common/float.c"
 Parameters:    Size  Location     Type
  arg             3    0[COMMON] unsigned um
  exp             1    3[COMMON] unsigned char 
  sign            1    4[COMMON] unsigned char 
 Auto vars:     Size  Location     Type
		None
 Return value:  Size  Location     Type
                  3    0[COMMON] float 
 Registers used:
		wreg, status,2, status,0
 Tracked objects:
		On entry : 
		On exit  : 
		Unchanged: 
 Data sizes:     COMMON   BANK0   BANK1
      Params:         5       0       0
      Locals:         0       0       0
      Temps:          3       0       0
      Totals:         8       0       0
Total ram usage:        8 bytes
 Hardware stack levels used:    1
 This function calls:
		Nothing
 This function is called by:
		___ftdiv
		___ftmul
		___lwtoft
 This function uses a non-reentrant model


 *************** function _usound_feedback *****************
 Defined at:
		line 128 in file "main.c"
 Parameters:    Size  Location     Type
  trigger         2    8[COMMON] unsigned int 
 Auto vars:     Size  Location     Type
		None
 Return value:  Size  Location     Type
                  1    wreg      void 
 Registers used:
		wreg, status,2, status,0, pclath, cstack
 Tracked objects:
		On entry : 
		On exit  : 
		Unchanged: 
 Data sizes:     COMMON   BANK0   BANK1
      Params:         2       0       0
      Locals:         0       0       0
      Temps:          0       0       0
      Totals:         2       0       0
Total ram usage:        2 bytes
 Hardware stack levels used:    1
 Hardware stack levels required when called:    2
 This function calls:
		_pwm3_output_disable
		_pwm3_output_enable
		_usound_trigger
 This function is called by:
		_main
 This function uses a non-reentrant model


 *************** function _usound_trigger *****************
 Defined at:
		line 123 in file "main.c"
 Parameters:    Size  Location     Type
  measurement     2    0[COMMON] unsigned int 
 Auto vars:     Size  Location     Type
		None
 Return value:  Size  Location     Type
                  4    0[COMMON] unsigned long 
 Registers used:
		wreg
 Tracked objects:
		On entry : 
		On exit  : 
		Unchanged: 
 Data sizes:     COMMON   BANK0   BANK1
      Params:         4       0       0
      Locals:         0       0       0
      Temps:          4       0       0
      Totals:         8       0       0
Total ram usage:        8 bytes
 Hardware stack levels used:    1
 This function calls:
		Nothing
 This function is called by:
		_usound_feedback
 This function uses a non-reentrant model


 *************** function _pwm3_output_enable *****************
 Defined at:
		line 108 in file "main.c"
 Parameters:    Size  Location     Type
		None
 Auto vars:     Size  Location     Type
		None
 Return value:  Size  Location     Type
                  1    wreg      void 
 Registers used:
		wreg, status,2, status,0, pclath, cstack
 Tracked objects:
		On entry : 
		On exit  : 
		Unchanged: 
 Data sizes:     COMMON   BANK0   BANK1
      Params:         0       0       0
      Locals:         0       0       0
      Temps:          0       0       0
      Totals:         0       0       0
Total ram usage:        0 bytes
 Hardware stack levels used:    1
 Hardware stack levels required when called:    1
 This function calls:
		_PWM3_LoadDutyValue
 This function is called by:
		_usound_feedback
 This function uses a non-reentrant model


 *************** function _pwm3_output_disable *****************
 Defined at:
		line 104 in file "main.c"
 Parameters:    Size  Location     Type
		None
 Auto vars:     Size  Location     Type
		None
 Return value:  Size  Location     Type
                  1    wreg      void 
 Registers used:
		wreg, status,2, status,0, pclath, cstack
 Tracked objects:
		On entry : 
		On exit  : 
		Unchanged: 
 Data sizes:     COMMON   BANK0   BANK1
      Params:         0       0       0
      Locals:         0       0       0
      Temps:          0       0       0
      Totals:         0       0       0
Total ram usage:        0 bytes
 Hardware stack levels used:    1
 Hardware stack levels required when called:    1
 This function calls:
		_PWM3_LoadDutyValue
 This function is called by:
		_usound_feedback
 This function uses a non-reentrant model


 *************** function _PWM3_LoadDutyValue *****************
 Defined at:
		line 72 in file "mcc_generated_files/pwm3.c"
 Parameters:    Size  Location     Type
  dutyValue       2    0[COMMON] unsigned int 
 Auto vars:     Size  Location     Type
		None
 Return value:  Size  Location     Type
                  1    wreg      void 
 Registers used:
		wreg, status,2, status,0
 Tracked objects:
		On entry : 
		On exit  : 
		Unchanged: 
 Data sizes:     COMMON   BANK0   BANK1
      Params:         2       0       0
      Locals:         0       0       0
      Temps:          2       0       0
      Totals:         4       0       0
Total ram usage:        4 bytes
 Hardware stack levels used:    1
 This function calls:
		Nothing
 This function is called by:
		_pwm3_output_disable
		_pwm3_output_enable
 This function uses a non-reentrant model


 *************** function _pwm1_strong_pulse_100 *****************
 Defined at:
		line 90 in file "main.c"
 Parameters:    Size  Location     Type
		None
 Auto vars:     Size  Location     Type
		None
 Return value:  Size  Location     Type
                  1    wreg      void 
 Registers used:
		wreg, status,2, status,0, pclath, cstack
 Tracked objects:
		On entry : 
		On exit  : 
		Unchanged: 
 Data sizes:     COMMON   BANK0   BANK1
      Params:         0       0       0
      Locals:         0       0       0
      Temps:          3       0       0
      Totals:         3       0       0
Total ram usage:        3 bytes
 Hardware stack levels used:    1
 Hardware stack levels required when called:    2
 This function calls:
		_PWM1_LoadDutyValue
		_pwm1_output_disable
 This function is called by:
		_main
 This function uses a non-reentrant model


 *************** function _pwm1_output_disable *****************
 Defined at:
		line 81 in file "main.c"
 Parameters:    Size  Location     Type
		None
 Auto vars:     Size  Location     Type
		None
 Return value:  Size  Location     Type
                  1    wreg      void 
 Registers used:
		wreg, status,2, status,0, pclath, cstack
 Tracked objects:
		On entry : 
		On exit  : 
		Unchanged: 
 Data sizes:     COMMON   BANK0   BANK1
      Params:         0       0       0
      Locals:         0       0       0
      Temps:          0       0       0
      Totals:         0       0       0
Total ram usage:        0 bytes
 Hardware stack levels used:    1
 Hardware stack levels required when called:    1
 This function calls:
		_PWM1_LoadDutyValue
 This function is called by:
		_pwm1_strong_pulse_100
		_main
		_pwm1_strong_pulse_2000
		_lidar_feedback
 This function uses a non-reentrant model


 *************** function _pwm1_output_enable *****************
 Defined at:
		line 85 in file "main.c"
 Parameters:    Size  Location     Type
		None
 Auto vars:     Size  Location     Type
		None
 Return value:  Size  Location     Type
                  1    wreg      void 
 Registers used:
		wreg, status,2, status,0, pclath, cstack
 Tracked objects:
		On entry : 
		On exit  : 
		Unchanged: 
 Data sizes:     COMMON   BANK0   BANK1
      Params:         0       0       0
      Locals:         0       0       0
      Temps:          0       0       0
      Totals:         0       0       0
Total ram usage:        0 bytes
 Hardware stack levels used:    1
 Hardware stack levels required when called:    1
 This function calls:
		_PWM1_LoadDutyValue
 This function is called by:
		_main
		_lidar_feedback
 This function uses a non-reentrant model


 *************** function _PWM1_LoadDutyValue *****************
 Defined at:
		line 72 in file "mcc_generated_files/pwm1.c"
 Parameters:    Size  Location     Type
  dutyValue       2    0[COMMON] unsigned int 
 Auto vars:     Size  Location     Type
		None
 Return value:  Size  Location     Type
                  1    wreg      void 
 Registers used:
		wreg, status,2, status,0
 Tracked objects:
		On entry : 
		On exit  : 
		Unchanged: 
 Data sizes:     COMMON   BANK0   BANK1
      Params:         2       0       0
      Locals:         0       0       0
      Temps:          2       0       0
      Totals:         4       0       0
Total ram usage:        4 bytes
 Hardware stack levels used:    1
 This function calls:
		Nothing
 This function is called by:
		_pwm1_output_disable
		_pwm1_output_enable
		_pwm1_strong_pulse_100
		_pwm1_strong_pulse_2000
 This function uses a non-reentrant model


 *************** function _lidar_read *****************
 Defined at:
		line 143 in file "main.c"
 Parameters:    Size  Location     Type
		None
 Auto vars:     Size  Location     Type
		None
 Return value:  Size  Location     Type
                  2    4[COMMON] unsigned int 
 Registers used:
		wreg, status,2, status,0, pclath, cstack
 Tracked objects:
		On entry : 
		On exit  : 
		Unchanged: 
 Data sizes:     COMMON   BANK0   BANK1
      Params:         2       0       0
      Locals:         0       0       0
      Temps:          0       0       0
      Totals:         2       0       0
Total ram usage:        2 bytes
 Hardware stack levels used:    1
 Hardware stack levels required when called:    1
 This function calls:
		_ADC_GetConversion
 This function is called by:
		_main
 This function uses a non-reentrant model


 *************** function _ADC_GetConversion *****************
 Defined at:
		line 113 in file "mcc_generated_files/adc.c"
 Parameters:    Size  Location     Type
  channel         1    wreg     enum E2933
 Auto vars:     Size  Location     Type
  channel         1    3[COMMON] enum E2933
 Return value:  Size  Location     Type
                  2    0[COMMON] unsigned int 
 Registers used:
		wreg, status,2, status,0
 Tracked objects:
		On entry : 
		On exit  : 
		Unchanged: 
 Data sizes:     COMMON   BANK0   BANK1
      Params:         2       0       0
      Locals:         1       0       0
      Temps:          1       0       0
      Totals:         4       0       0
Total ram usage:        4 bytes
 Hardware stack levels used:    1
 This function calls:
		Nothing
 This function is called by:
		_usound_read
		_lidar_read
 This function uses a non-reentrant model


 *************** function _lidar_edge_detect *****************
 Defined at:
		line 168 in file "main.c"
 Parameters:    Size  Location     Type
  lidar_dist      2    6[COMMON] int 
 Auto vars:     Size  Location     Type
  odata          24    0[BANK0 ] int [12]
  vtmp            6   24[BANK0 ] int [3]
  i               1   30[BANK0 ] unsigned char 
  j               1    0        unsigned char 
 Return value:  Size  Location     Type
                  1    wreg      unsigned char 
 Registers used:
		wreg, fsr0l, fsr0h, fsr1l, fsr1h, status,2, status,0, pclath, cstack
 Tracked objects:
		On entry : 
		On exit  : 
		Unchanged: 
 Data sizes:     COMMON   BANK0   BANK1
      Params:         2       0       0
      Locals:         0      31       0
      Temps:          6       0       0
      Totals:         8      31       0
Total ram usage:       39 bytes
 Hardware stack levels used:    1
 Hardware stack levels required when called:    1
 This function calls:
		___bmul
		___wmul
 This function is called by:
		_main
 This function uses a non-reentrant model


 *************** function ___wmul *****************
 Defined at:
		line 15 in file "/opt/microchip/xc8/v1.36/sources/common/Umul16.c"
 Parameters:    Size  Location     Type
  multiplier      2    0[COMMON] unsigned int 
  multiplicand    2    2[COMMON] unsigned int 
 Auto vars:     Size  Location     Type
  product         2    4[COMMON] unsigned int 
 Return value:  Size  Location     Type
                  2    0[COMMON] unsigned int 
 Registers used:
		wreg, status,2, status,0
 Tracked objects:
		On entry : 
		On exit  : 
		Unchanged: 
 Data sizes:     COMMON   BANK0   BANK1
      Params:         4       0       0
      Locals:         2       0       0
      Temps:          0       0       0
      Totals:         6       0       0
Total ram usage:        6 bytes
 Hardware stack levels used:    1
 This function calls:
		Nothing
 This function is called by:
		_lidar_edge_detect
 This function uses a non-reentrant model


 *************** function ___bmul *****************
 Defined at:
		line 4 in file "/opt/microchip/xc8/v1.36/sources/common/Umul8.c"
 Parameters:    Size  Location     Type
  multiplier      1    wreg     unsigned char 
  multiplicand    1    0[COMMON] unsigned char 
 Auto vars:     Size  Location     Type
  multiplier      1    3[COMMON] unsigned char 
  product         1    2[COMMON] unsigned char 
 Return value:  Size  Location     Type
                  1    wreg      unsigned char 
 Registers used:
		wreg, status,2, status,0
 Tracked objects:
		On entry : 
		On exit  : 
		Unchanged: 
 Data sizes:     COMMON   BANK0   BANK1
      Params:         1       0       0
      Locals:         2       0       0
      Temps:          1       0       0
      Totals:         4       0       0
Total ram usage:        4 bytes
 Hardware stack levels used:    1
 This function calls:
		Nothing
 This function is called by:
		_lidar_edge_detect
 This function uses a non-reentrant model


 *************** function _lidar_depth_detect *****************
 Defined at:
		line 148 in file "main.c"
 Parameters:    Size  Location     Type
  measurement     2    6[COMMON] unsigned int 
 Auto vars:     Size  Location     Type
		None
 Return value:  Size  Location     Type
                  2    6[COMMON] unsigned int 
 Registers used:
		wreg
 Tracked objects:
		On entry : 
		On exit  : 
		Unchanged: 
 Data sizes:     COMMON   BANK0   BANK1
      Params:         2       0       0
      Locals:         0       0       0
      Temps:          2       0       0
      Totals:         4       0       0
Total ram usage:        4 bytes
 Hardware stack levels used:    1
 This function calls:
		Nothing
 This function is called by:
		_main
		_lidar_feedback
 This function uses a non-reentrant model


 *************** function _SYSTEM_Initialize *****************
 Defined at:
		line 67 in file "mcc_generated_files/mcc.c"
 Parameters:    Size  Location     Type
		None
 Auto vars:     Size  Location     Type
		None
 Return value:  Size  Location     Type
                  1    wreg      void 
 Registers used:
		wreg, status,2, status,0, pclath, cstack
 Tracked objects:
		On entry : 
		On exit  : 
		Unchanged: 
 Data sizes:     COMMON   BANK0   BANK1
      Params:         0       0       0
      Locals:         0       0       0
      Temps:          0       0       0
      Totals:         0       0       0
Total ram usage:        0 bytes
 Hardware stack levels used:    1
 Hardware stack levels required when called:    2
 This function calls:
		_ADC_Initialize
		_OSCILLATOR_Initialize
		_PIN_MANAGER_Initialize
		_PWM1_Initialize
		_PWM3_Initialize
		_TMR2_Initialize
 This function is called by:
		_main
 This function uses a non-reentrant model


 *************** function _TMR2_Initialize *****************
 Defined at:
		line 58 in file "mcc_generated_files/tmr2.c"
 Parameters:    Size  Location     Type
		None
 Auto vars:     Size  Location     Type
		None
 Return value:  Size  Location     Type
                  1    wreg      void 
 Registers used:
		wreg, status,2, status,0, pclath, cstack
 Tracked objects:
		On entry : 
		On exit  : 
		Unchanged: 
 Data sizes:     COMMON   BANK0   BANK1
      Params:         0       0       0
      Locals:         0       0       0
      Temps:          0       0       0
      Totals:         0       0       0
Total ram usage:        0 bytes
 Hardware stack levels used:    1
 Hardware stack levels required when called:    1
 This function calls:
		_TMR2_StartTimer
 This function is called by:
		_SYSTEM_Initialize
 This function uses a non-reentrant model


 *************** function _TMR2_StartTimer *****************
 Defined at:
		line 78 in file "mcc_generated_files/tmr2.c"
 Parameters:    Size  Location     Type
		None
 Auto vars:     Size  Location     Type
		None
 Return value:  Size  Location     Type
                  1    wreg      void 
 Registers used:
		None
 Tracked objects:
		On entry : 
		On exit  : 
		Unchanged: 
 Data sizes:     COMMON   BANK0   BANK1
      Params:         0       0       0
      Locals:         0       0       0
      Temps:          0       0       0
      Totals:         0       0       0
Total ram usage:        0 bytes
 Hardware stack levels used:    1
 This function calls:
		Nothing
 This function is called by:
		_TMR2_Initialize
 This function uses a non-reentrant model


 *************** function _PWM3_Initialize *****************
 Defined at:
		line 58 in file "mcc_generated_files/pwm3.c"
 Parameters:    Size  Location     Type
		None
 Auto vars:     Size  Location     Type
		None
 Return value:  Size  Location     Type
                  1    wreg      void 
 Registers used:
		wreg
 Tracked objects:
		On entry : 
		On exit  : 
		Unchanged: 
 Data sizes:     COMMON   BANK0   BANK1
      Params:         0       0       0
      Locals:         0       0       0
      Temps:          0       0       0
      Totals:         0       0       0
Total ram usage:        0 bytes
 Hardware stack levels used:    1
 This function calls:
		Nothing
 This function is called by:
		_SYSTEM_Initialize
 This function uses a non-reentrant model


 *************** function _PWM1_Initialize *****************
 Defined at:
		line 58 in file "mcc_generated_files/pwm1.c"
 Parameters:    Size  Location     Type
		None
 Auto vars:     Size  Location     Type
		None
 Return value:  Size  Location     Type
                  1    wreg      void 
 Registers used:
		wreg
 Tracked objects:
		On entry : 
		On exit  : 
		Unchanged: 
 Data sizes:     COMMON   BANK0   BANK1
      Params:         0       0       0
      Locals:         0       0       0
      Temps:          0       0       0
      Totals:         0       0       0
Total ram usage:        0 bytes
 Hardware stack levels used:    1
 This function calls:
		Nothing
 This function is called by:
		_SYSTEM_Initialize
 This function uses a non-reentrant model


 *************** function _PIN_MANAGER_Initialize *****************
 Defined at:
		line 49 in file "mcc_generated_files/pin_manager.c"
 Parameters:    Size  Location     Type
		None
 Auto vars:     Size  Location     Type
		None
 Return value:  Size  Location     Type
                  1    wreg      void 
 Registers used:
		wreg, status,2
 Tracked objects:
		On entry : 
		On exit  : 
		Unchanged: 
 Data sizes:     COMMON   BANK0   BANK1
      Params:         0       0       0
      Locals:         0       0       0
      Temps:          0       0       0
      Totals:         0       0       0
Total ram usage:        0 bytes
 Hardware stack levels used:    1
 This function calls:
		Nothing
 This function is called by:
		_SYSTEM_Initialize
 This function uses a non-reentrant model


 *************** function _OSCILLATOR_Initialize *****************
 Defined at:
		line 78 in file "mcc_generated_files/mcc.c"
 Parameters:    Size  Location     Type
		None
 Auto vars:     Size  Location     Type
		None
 Return value:  Size  Location     Type
                  1    wreg      void 
 Registers used:
		wreg
 Tracked objects:
		On entry : 
		On exit  : 
		Unchanged: 
 Data sizes:     COMMON   BANK0   BANK1
      Params:         0       0       0
      Locals:         0       0       0
      Temps:          0       0       0
      Totals:         0       0       0
Total ram usage:        0 bytes
 Hardware stack levels used:    1
 This function calls:
		Nothing
 This function is called by:
		_SYSTEM_Initialize
 This function uses a non-reentrant model


 *************** function _ADC_Initialize *****************
 Defined at:
		line 65 in file "mcc_generated_files/adc.c"
 Parameters:    Size  Location     Type
		None
 Auto vars:     Size  Location     Type
		None
 Return value:  Size  Location     Type
                  1    wreg      void 
 Registers used:
		wreg, status,2
 Tracked objects:
		On entry : 
		On exit  : 
		Unchanged: 
 Data sizes:     COMMON   BANK0   BANK1
      Params:         0       0       0
      Locals:         0       0       0
      Temps:          0       0       0
      Totals:         0       0       0
Total ram usage:        0 bytes
 Hardware stack levels used:    1
 This function calls:
		Nothing
 This function is called by:
		_SYSTEM_Initialize
 This function uses a non-reentrant model



MODULE INFORMATION

Module		Function		Class		Link	Load	Size
/opt/microchip/xc8/v1.36/sources/common/fttol.c
		___fttol       		CODE           	04EE	0000	135

/opt/microchip/xc8/v1.36/sources/common/fttol.c estimated size: 135

mcc_generated_files/tmr2.c
		_TMR2_Initialize		CODE           	02E6	0000	9
		_TMR2_StartTimer		CODE           	02B1	0000	4

mcc_generated_files/tmr2.c estimated size: 13

/opt/microchip/xc8/v1.36/sources/common/Umul16.c
		___wmul        		CODE           	03D1	0000	28

/opt/microchip/xc8/v1.36/sources/common/Umul16.c estimated size: 28

mcc_generated_files/pin_manager.c
		_PIN_MANAGER_Initialize		CODE           	034A	0000	22

mcc_generated_files/pin_manager.c estimated size: 22

/opt/microchip/xc8/v1.36/sources/common/Umul8.c
		___bmul        		CODE           	0327	0000	18

/opt/microchip/xc8/v1.36/sources/common/Umul8.c estimated size: 18

mcc_generated_files/adc.c
		_ADC_Initialize		CODE           	02FE	0000	10
		_ADC_GetConversion		CODE           	03B8	0000	26

mcc_generated_files/adc.c estimated size: 36

/opt/microchip/xc8/v1.36/sources/common/float.c
		___ftpack      		CODE           	048A	0000	101

/opt/microchip/xc8/v1.36/sources/common/float.c estimated size: 101

shared
		__initialization		CODE           	07F8	0000	7

shared estimated size: 7

mcc_generated_files/mcc.c
		_OSCILLATOR_Initialize		CODE           	02B4	0000	5
		_SYSTEM_Initialize		CODE           	02C8	0000	8

mcc_generated_files/mcc.c estimated size: 13

mcc_generated_files/pwm3.c
		_PWM3_Initialize		CODE           	02DE	0000	9
		_PWM3_LoadDutyValue		CODE           	038B	0000	23

mcc_generated_files/pwm3.c estimated size: 32

/opt/microchip/xc8/v1.36/sources/common/lwtoft.c
		___lwtoft      		CODE           	0338	0000	19

/opt/microchip/xc8/v1.36/sources/common/lwtoft.c estimated size: 19

mcc_generated_files/pwm1.c
		_PWM1_Initialize		CODE           	02D6	0000	9
		_PWM1_LoadDutyValue		CODE           	035F	0000	23

mcc_generated_files/pwm1.c estimated size: 32

/opt/microchip/xc8/v1.36/sources/common/ftmul.c
		___ftmul       		CODE           	061B	0000	180

/opt/microchip/xc8/v1.36/sources/common/ftmul.c estimated size: 180

main.c
		_pwm1_output_enable		CODE           	02EE	0000	9
		_lidar_edge_detect		CODE           	06CE	0000	299
		_pwm1_strong_pulse_100		CODE           	0375	0000	23
		_main          		CODE           	042E	0000	93
		_pwm3_output_enable		CODE           	02F6	0000	9
		_usound_read   		CODE           	03EC	0000	67
		_pwm1_output_disable		CODE           	02B8	0000	6
		_usound_trigger		CODE           	03A1	0000	24
		_pwm3_output_disable		CODE           	02BD	0000	6
		_lidar_read    		CODE           	02CF	0000	8
		_usound_feedback		CODE           	0307	0000	16
		_lidar_depth_detect		CODE           	0316	0000	18

main.c estimated size: 578

/opt/microchip/xc8/v1.36/sources/common/ftdiv.c
		___ftdiv       		CODE           	0574	0000	168

/opt/microchip/xc8/v1.36/sources/common/ftdiv.c estimated size: 168

